✅ Generated ICS file: our-generated-ics.ics

=== ICS Content ===

BEGIN:VCALENDAR
VERSION:2.0
PRODID:-//Numstro//Meet//EN
METHOD:REQUEST

BEGIN:VTIMEZONE
TZID:America/Los_Angeles
X-LIC-LOCATION:America/Los_Angeles
BEGIN:DAYLIGHT
TZOFFSETFROM:-0800
TZOFFSETTO:-0700
TZNAME:PDT
DTSTART:19700308T020000
RRULE:FREQ=YEARLY;BYMONTH=3;BYDAY=2SU
END:DAYLIGHT
BEGIN:STANDARD
TZOFFSETFROM:-0700
TZOFFSETTO:-0800
TZNAME:PST
DTSTART:19701101T020000
RRULE:FREQ=YEARLY;BYMONTH=11;BYDAY=1SU
END:STANDARD
END:VTIMEZONE
BEGIN:VEVENT
UID:73aaeef5-ea7b-427d-bf33-03bf4e390185
SEQUENCE:0
DTSTAMP:20251112T133417
CREATED:20251112T213418Z
LAST-MODIFIED:20251112T213418Z
DTSTART;TZID=America/Los_Angeles:20250115T130000
DTEND;TZID=America/Los_Angeles:20250115T170000
SUMMARY:Team Meeting
LOCATION:Conference Room A
DESCRIPTION:Weekly team sync
ORGANIZER;CN=John Doe:mailto:john@example.com
ATTENDEE;ROLE=REQ-PARTICIPANT;CUTYPE=INDIVIDUAL;PARTSTAT=NEEDS-ACTION;RSVP
 =TRUE;CN=Alice Smith:MAILTO:alice@example.com
ATTENDEE;ROLE=REQ-PARTICIPANT;CUTYPE=INDIVIDUAL;PARTSTAT=NEEDS-ACTION;RSVP
 =TRUE;CN=Bob Jones:MAILTO:bob@example.com
URL;VALUE=URI:https://numstro.com/poll/test-poll-123
STATUS:CONFIRMED
TRANSP:OPAQUE
X-MICROSOFT-CDO-BUSYSTATUS:BUSY
END:VEVENT
END:VCALENDAR

=== End of ICS Content ===

=== Validation ===
Has BEGIN:VCALENDAR: true
Has BEGIN:VEVENT: true
Has METHOD:REQUEST: true
Has BEGIN:VTIMEZONE: true
Has ORGANIZER: true
Has ATTENDEE: true
Has DTSTART: true
Has DTEND: true
Has SUMMARY: true
Has UID: true

=== Potential Issues ===
⚠️  WARNING: Contains NAME: property (invalid)

✅ Done! Compare our-generated-ics.ics with Google Calendar ICS file
